#-----------------------------------------------------------
# Webtalk v2015.4 (64-bit)
# SW Build 1412921 on Wed Nov 18 09:43:45 MST 2015
# IP Build 1412160 on Tue Nov 17 13:47:24 MST 2015
# Start of session at: Sat Jan 16 23:57:48 2016
# Process ID: 7080
# Current directory: D:/Developers_KIT/Zynq702/xilinx-zynq-zc702-linuxapplication/tft/axi_tft_0_example/axi_tft_0_example.sim/sim_1/behav
# Command line: wbtcv.exe -mode batch -source D:/Developers_KIT/Zynq702/xilinx-zynq-zc702-linuxapplication/tft/axi_tft_0_example/axi_tft_0_example.sim/sim_1/behav/xsim.dir/axi_tft_0_top_tb_behav/webtalk/xsim_webtalk.tcl -notrace
# Log file: D:/Developers_KIT/Zynq702/xilinx-zynq-zc702-linuxapplication/tft/axi_tft_0_example/axi_tft_0_example.sim/sim_1/behav/webtalk.log
# Journal file: D:/Developers_KIT/Zynq702/xilinx-zynq-zc702-linuxapplication/tft/axi_tft_0_example/axi_tft_0_example.sim/sim_1/behav\webtalk.jou
#-----------------------------------------------------------
source D:/Developers_KIT/Zynq702/xilinx-zynq-zc702-linuxapplication/tft/axi_tft_0_example/axi_tft_0_example.sim/sim_1/behav/xsim.dir/axi_tft_0_top_tb_behav/webtalk/xsim_webtalk.tcl -notrace
